// Jest Snapshot v1, https://goo.gl/fbAQLP

exports[`renders demo correctly 1`] = `
<div>
  <div>
    <div class="van-loading van-loading--circular van-loading" style="color:#c9c9c9;"><span class="van-loading__spinner van-loading__spinner--circular"><svg viewBox="25 25 50 50" class="van-loading__circular"><circle cx="50" cy="50" r="20" fill="none"></circle></svg></span></div>
    <div class="van-loading van-loading--circular van-loading--white" style="color:white;"><span class="van-loading__spinner van-loading__spinner--circular"><svg viewBox="25 25 50 50" class="van-loading__circular"><circle cx="50" cy="50" r="20" fill="none"></circle></svg></span></div>
  </div>
  <div>
    <div class="van-loading van-loading--spinner van-loading" style="color:#c9c9c9;"><span class="van-loading__spinner van-loading__spinner--spinner"><i></i><i></i><i></i><i></i><i></i><i></i><i></i><i></i><i></i><i></i><i></i><i></i></span></div>
    <div class="van-loading van-loading--spinner van-loading--white" style="color:white;"><span class="van-loading__spinner van-loading__spinner--spinner"><i></i><i></i><i></i><i></i><i></i><i></i><i></i><i></i><i></i><i></i><i></i><i></i></span></div>
  </div>
</div>
`;
